Microchip MPLAB XC8 Compiler V2.36

Linker command line:

-W-3 --edf=E:\UTEX\Apps\MPLABX\Installation\XC8\pic\dat\en_msgs.txt -cn \
  -h+dist/default/production\testmcc.X.production.sym \
  --cmf=dist/default/production\testmcc.X.production.cmf -z -Q16F1827 \
  -oC:\Users\nguye\AppData\Local\Temp\xcAs9oo.4 --defsym=__MPLAB_BUILD=1 \
  -Mdist/default/production/testmcc.X.production.map \
  --md=C:\Users\nguye\AppData\Local\Temp\xcAs9oo.dat -E1 -ver=XC8 Compiler \
  --acfsm=1493 -ACODE=00h-07FFhx2 -ASTRCODE=00h-0FFFh -ASTRING=00h-0FFhx16 \
  -ACONST=00h-0FFhx16 -AENTRY=00h-0FFhx16 -ACOMMON=070h-07Fh \
  -ABANK0=020h-06Fh -ABANK1=0A0h-0EFh -ABANK2=0120h-016Fh \
  -ABANK3=01A0h-01EFh -ABANK4=0220h-024Fh -ABIGRAM=02000h-0216Fh \
  -ARAM=020h-06Fh,0A0h-0EFh,0120h-016Fh,01A0h-01EFh,0220h-024Fh \
  -AABS1=020h-07Fh,0A0h-0EFh,0120h-016Fh,01A0h-01EFh,0220h-024Fh \
  -ASFR0=00h-01Fh -ASFR1=080h-09Fh -ASFR2=0100h-011Fh -ASFR3=0180h-019Fh \
  -ASFR4=0200h-021Fh -ASFR5=0280h-02EFh -ASFR6=0300h-036Fh \
  -ASFR7=0380h-03EFh -ASFR8=0400h-046Fh -ASFR9=0480h-04EFh \
  -ASFR10=0500h-056Fh -ASFR11=0580h-05EFh -ASFR12=0600h-066Fh \
  -ASFR13=0680h-06EFh -ASFR14=0700h-076Fh -ASFR15=0780h-07EFh \
  -ASFR16=0800h-086Fh -ASFR17=0880h-08EFh -ASFR18=0900h-096Fh \
  -ASFR19=0980h-09EFh -ASFR20=0A00h-0A6Fh -ASFR21=0A80h-0AEFh \
  -ASFR22=0B00h-0B6Fh -ASFR23=0B80h-0BEFh -ASFR24=0C00h-0C6Fh \
  -ASFR25=0C80h-0CEFh -ASFR26=0D00h-0D6Fh -ASFR27=0D80h-0DEFh \
  -ASFR28=0E00h-0E6Fh -ASFR29=0E80h-0EEFh -ASFR30=0F00h-0F6Fh \
  -ASFR31=0F80h-0FEFh -ACONFIG=08007h-08008h -DCONFIG=2 \
  -AIDLOC=08000h-08003h -DIDLOC=2 -AEEDATA=00h-0FFh/0F000h \
  -peeprom_data=EEDATA -DEEDATA=2 -DCODE=2 -DSTRCODE=2 -DSTRING=2 -DCONST=2 \
  -DENTRY=2 -preset_vec=00h,intentry,init,end_init -ppowerup=CODE \
  -pcinit=CODE -pfunctab=ENTRY -k \
  C:\Users\nguye\AppData\Local\Temp\xcAs9oo.o \
  dist/default/production\testmcc.X.production.o 

Object code version is 3.11

Machine type is 16F1827



                Name                               Link     Load   Length Selector   Space Scale
C:\Users\nguye\AppData\Local\Temp\xcAs9oo.o
                end_init                              2        2        2        0       0
                reset_vec                             0        0        2        0       0
                config                             8007     8007        2        0       4
                idloc                              8000     8000        4        0       5
dist/default/production\testmcc.X.production.o
                cinit                               7ED      7ED       13      FDA       0
                config                             8007     8007        2        0       4
                idloc                              8000     8000        4        0       5
                text27                              5DD      5DD       1D      BBA       0
                text26                              5FA      5FA       1D      BF4       0
                text25                              581      581       17      B02       0
                text24                              598      598       17      B30       0
                text23                              5AF      5AF       17      B5E       0
                text22                              5C6      5C6       17      B8C       0
                text21                              515      515       15      A2A       0
                text20                              506      506        F      A0C       0
                text19                              4BB      4BB        5      976       0
                text18                              53F      53F       16      A7E       0
                text17                              555      555       16      AAA       0
                text16                              638      638       23      C70       0
                text15                              735      735       B8      E6A       0
                text14                              6BF      6BF       76      D7E       0
                text13                              65B      65B       26      CB6       0
                text12                              4F9      4F9        D      9F2       0
                text11                              4C0      4C0        6      980       0
                text10                              4C6      4C6        6      98C       0
                text9                               4CC      4CC        6      998       0
                text8                               617      617       21      C2E       0
                text7                               4D8      4D8        7      9B0       0
                text6                               52A      52A       15      A54       0
                text5                               4E7      4E7        9      9CE       0
                text4                               4F0      4F0        9      9E0       0
                text3                               4DF      4DF        8      9BE       0
                text2                               4B7      4B7        4      96E       0
                text1                               56B      56B       16      AD6       0
                maintext                            681      681       3E      D02       0
                cstackCOMMON                         78       78        6       70       1
                clrtext                             4D2      4D2        6      9A4       0
                bssBANK0                             20       20       14       20       1
                bssCOMMON                            70       70        8       70       1
                nvBANK0                              34       34        6       20       1

TOTAL           Name                               Link     Load   Length     Space
        CLASS   CODE           
                end_init                              2        2        2         0
                cinit                               7ED      7ED       13         0
                reset_vec                             0        0        2         0
                text27                              5DD      5DD       1D         0
                text26                              5FA      5FA       1D         0
                text25                              581      581       17         0
                text24                              598      598       17         0
                text23                              5AF      5AF       17         0
                text22                              5C6      5C6       17         0
                text21                              515      515       15         0
                text20                              506      506        F         0
                text19                              4BB      4BB        5         0
                text18                              53F      53F       16         0
                text17                              555      555       16         0
                text16                              638      638       23         0
                text15                              735      735       B8         0
                text14                              6BF      6BF       76         0
                text13                              65B      65B       26         0
                text12                              4F9      4F9        D         0
                text11                              4C0      4C0        6         0
                text10                              4C6      4C6        6         0
                text9                               4CC      4CC        6         0
                text8                               617      617       21         0
                text7                               4D8      4D8        7         0
                text6                               52A      52A       15         0
                text5                               4E7      4E7        9         0
                text4                               4F0      4F0        9         0
                text3                               4DF      4DF        8         0
                text2                               4B7      4B7        4         0
                text1                               56B      56B       16         0
                maintext                            681      681       3E         0
                clrtext                             4D2      4D2        6         0

        CLASS   STRCODE        

        CLASS   STRING         

        CLASS   CONST          

        CLASS   ENTRY          

        CLASS   COMMON         
                cstackCOMMON                         78       78        6         1
                bssCOMMON                            70       70        8         1

        CLASS   BANK0          
                bssBANK0                             20       20       14         1
                nvBANK0                              34       34        6         1

        CLASS   BANK1          

        CLASS   BANK2          

        CLASS   BANK3          

        CLASS   BANK4          

        CLASS   BIGRAM         

        CLASS   RAM            

        CLASS   ABS1           
                abs_s1                               7E       7E        2         1

        CLASS   SFR0           

        CLASS   SFR1           

        CLASS   SFR2           

        CLASS   SFR3           

        CLASS   SFR4           

        CLASS   SFR5           

        CLASS   SFR6           

        CLASS   SFR7           

        CLASS   SFR8           

        CLASS   SFR9           

        CLASS   SFR10          

        CLASS   SFR11          

        CLASS   SFR12          

        CLASS   SFR13          

        CLASS   SFR14          

        CLASS   SFR15          

        CLASS   SFR16          

        CLASS   SFR17          

        CLASS   SFR18          

        CLASS   SFR19          

        CLASS   SFR20          

        CLASS   SFR21          

        CLASS   SFR22          

        CLASS   SFR23          

        CLASS   SFR24          

        CLASS   SFR25          

        CLASS   SFR26          

        CLASS   SFR27          

        CLASS   SFR28          

        CLASS   SFR29          

        CLASS   SFR30          

        CLASS   SFR31          

        CLASS   CONFIG         
                config                             8007     8007        2         4

        CLASS   IDLOC          
                idloc                              8000     8000        4         5

        CLASS   EEDATA         

        CLASS   BANK31         

        CLASS   BANK30         

        CLASS   BANK29         

        CLASS   BANK28         

        CLASS   BANK27         

        CLASS   BANK26         

        CLASS   BANK25         

        CLASS   BANK24         

        CLASS   BANK23         

        CLASS   BANK22         

        CLASS   BANK21         

        CLASS   BANK20         

        CLASS   BANK19         

        CLASS   BANK18         

        CLASS   BANK17         

        CLASS   BANK16         

        CLASS   BANK15         

        CLASS   BANK14         

        CLASS   BANK13         

        CLASS   BANK12         

        CLASS   BANK11         

        CLASS   BANK10         

        CLASS   BANK9          

        CLASS   BANK8          

        CLASS   BANK7          

        CLASS   BANK6          

        CLASS   BANK5          

        CLASS   HEAP           

        CLASS   STACK          



SEGMENTS        Name                           Load    Length   Top    Selector   Space  Class     Delta

                reset_vec                      000000  000004  000004         0       0  CODE        2
                bssBANK0                       000020  00001A  00003A        20       1  BANK0       1
                bssCOMMON                      000070  00000E  00007E        70       1  COMMON      1
                text2                          0004B7  000004  0004BB       96E       0  CODE        2
                text19                         0004BB  000005  0004C0       976       0  CODE        2
                text11                         0004C0  000006  0004C6       980       0  CODE        2
                text10                         0004C6  000006  0004CC       98C       0  CODE        2
                text9                          0004CC  000006  0004D2       998       0  CODE        2
                clrtext                        0004D2  000006  0004D8       9A4       0  CODE        2
                text7                          0004D8  000007  0004DF       9B0       0  CODE        2
                text3                          0004DF  000008  0004E7       9BE       0  CODE        2
                text5                          0004E7  000009  0004F0       9CE       0  CODE        2
                text4                          0004F0  000009  0004F9       9E0       0  CODE        2
                text12                         0004F9  00000D  000506       9F2       0  CODE        2
                text20                         000506  00000F  000515       A0C       0  CODE        2
                text21                         000515  000015  00052A       A2A       0  CODE        2
                text6                          00052A  000015  00053F       A54       0  CODE        2
                text18                         00053F  000016  000555       A7E       0  CODE        2
                text17                         000555  000016  00056B       AAA       0  CODE        2
                text1                          00056B  000016  000581       AD6       0  CODE        2
                text25                         000581  000017  000598       B02       0  CODE        2
                text24                         000598  000017  0005AF       B30       0  CODE        2
                text23                         0005AF  000017  0005C6       B5E       0  CODE        2
                text22                         0005C6  000017  0005DD       B8C       0  CODE        2
                text27                         0005DD  00001D  0005FA       BBA       0  CODE        2
                text26                         0005FA  00001D  000617       BF4       0  CODE        2
                text8                          000617  000021  000638       C2E       0  CODE        2
                text16                         000638  000023  00065B       C70       0  CODE        2
                text13                         00065B  000026  000681       CB6       0  CODE        2
                maintext                       000681  00003E  0006BF       D02       0  CODE        2
                text14                         0006BF  000076  000735       D7E       0  CODE        2
                text15                         000735  0000B8  0007ED       E6A       0  CODE        2
                cinit                          0007ED  000013  000800       FDA       0  CODE        2


UNUSED ADDRESS RANGES

        Name                Unused          Largest block    Delta
        BANK0            0003A-0006F              36           1
        BANK1            000A0-000EF              50           1
        BANK2            00120-0016F              50           1
        BANK3            001A0-001EF              50           1
        BANK4            00220-0024F              30           1
        BIGRAM           02000-0216F             170           1
        CODE             00004-004B6             4B3           2
                         00800-00FFF             800
        CONST            00004-004B6             100           2
                         00800-00FFF             100
        EEDATA           0F000-0F0FF             100           2
        ENTRY            00004-004B6             100           2
                         00800-00FFF             100
        RAM              0003A-0006F              36           1
                         000A0-000EF              50
                         00120-0016F              50
                         001A0-001EF              50
                         00220-0024F              30
        SFR0             00000-0001F              20           1
        SFR1             00080-0009F              20           1
        SFR10            00500-0056F              70           1
        SFR11            00580-005EF              70           1
        SFR12            00600-0066F              70           1
        SFR13            00680-006EF              70           1
        SFR14            00700-0076F              70           1
        SFR15            00780-007EF              70           1
        SFR16            00800-0086F              70           1
        SFR17            00880-008EF              70           1
        SFR18            00900-0096F              70           1
        SFR19            00980-009EF              70           1
        SFR2             00100-0011F              20           1
        SFR20            00A00-00A6F              70           1
        SFR21            00A80-00AEF              70           1
        SFR22            00B00-00B6F              70           1
        SFR23            00B80-00BEF              70           1
        SFR24            00C00-00C6F              70           1
        SFR25            00C80-00CEF              70           1
        SFR26            00D00-00D6F              70           1
        SFR27            00D80-00DEF              70           1
        SFR28            00E00-00E6F              70           1
        SFR29            00E80-00EEF              70           1
        SFR3             00180-0019F              20           1
        SFR30            00F00-00F6F              70           1
        SFR31            00F80-00FEF              70           1
        SFR4             00200-0021F              20           1
        SFR5             00280-002EF              70           1
        SFR6             00300-0036F              70           1
        SFR7             00380-003EF              70           1
        SFR8             00400-0046F              70           1
        SFR9             00480-004EF              70           1
        STRCODE          00004-004B6             4B3           2
                         00800-00FFF             800
        STRING           00004-004B6             100           2
                         00800-00FFF             100

                                  Symbol Table

EUSART_SetErrorHandler@interruptHandler        cstackCOMMON 00078
EUSART_SetFramingErrorHandler@interruptHandler cstackCOMMON 00078
EUSART_SetOverrunErrorHandler@interruptHandler cstackCOMMON 00078
MotorLeft_set_direction@dir                    cstackCOMMON 00078
MotorRight_set_direction@dir                   cstackCOMMON 00078
PWM3_LoadDutyValue@dutyValue                   cstackCOMMON 00078
PWM4_LoadDutyValue@dutyValue                   cstackCOMMON 00078
Servo_Motion_CCW@i                             cstackCOMMON 00079
Servo_Motion_CW@i                              cstackCOMMON 00079
_ANSELA                                        (abs)        0018C
_ANSELB                                        (abs)        0018D
_APFCON0                                       (abs)        0011D
_APFCON1                                       (abs)        0011E
_BAUDCON                                       (abs)        0019F
_BORCON                                        (abs)        00116
_Bluetooth                                     text15       00735
_CCP3CON                                       (abs)        00313
_CCP4CON                                       (abs)        0031A
_CCPR3H                                        (abs)        00312
_CCPR3L                                        (abs)        00311
_CCPR4H                                        (abs)        00319
_CCPR4L                                        (abs)        00318
_CCPTMRS0bits                                  (abs)        0029E
_CMD                                           bssBANK0     0002A
_Dilui                                         text23       005AF
_Dithang                                       text22       005C6
_Doline_Cong                                   text14       006BF
_Dunglai                                       text21       00515
_EUSART_DefaultErrorHandler                    (abs)        00000
_EUSART_DefaultFramingErrorHandler             (abs)        00000
_EUSART_DefaultOverrunErrorHandler             (abs)        00000
_EUSART_ErrorHandler                           nvBANK0      00034
_EUSART_FramingErrorHandler                    nvBANK0      00038
_EUSART_Initialize                             text8        00617
_EUSART_OverrunErrorHandler                    nvBANK0      00036
_EUSART_Read                                   text20       00506
_EUSART_SetErrorHandler                        text11       004C0
_EUSART_SetFramingErrorHandler                 text10       004C6
_EUSART_SetOverrunErrorHandler                 text9        004CC
_EUSART_is_rx_ready                            text19       004BB
_Kep                                           text12       004F9
_LATA                                          (abs)        0010C
_LATAbits                                      (abs)        0010C
_LATB                                          (abs)        0010D
_LATBbits                                      (abs)        0010D
_MotorLeft_set_direction                       text27       005DD
_MotorRight_set_direction                      text26       005FA
_OPTION_REGbits                                (abs)        00095
_OSCCON                                        (abs)        00099
_OSCILLATOR_Initialize                         text7        004D8
_OSCTUNE                                       (abs)        00098
_PIN_MANAGER_Initialize                        text6        0052A
_PIR1bits                                      (abs)        00011
_PORTAbits                                     (abs)        0000C
_PORTBbits                                     (abs)        0000D
_PR2                                           (abs)        0001B
_PWM3_Initialize                               text5        004E7
_PWM3_LoadDutyValue                            text25       00581
_PWM4_Initialize                               text4        004F0
_PWM4_LoadDutyValue                            text24       00598
_RCREG                                         (abs)        00199
_RCSTA                                         (abs)        0019D
_RCSTAbits                                     (abs)        0019D
_Rephai                                        text18       0053F
_Retrai                                        text17       00555
_SPBRGH                                        (abs)        0019C
_SPBRGL                                        (abs)        0019B
_SYSTEM_Initialize                             text1        0056B
_Servo_Motion_CCW                              text16       00638
_Servo_Motion_CW                               text13       0065B
_T2CON                                         (abs)        0001C
_T2CONbits                                     (abs)        0001C
_TMR2                                          (abs)        0001A
_TMR2_Initialize                               text3        004DF
_TRISA                                         (abs)        0008C
_TRISB                                         (abs)        0008D
_TXREG                                         (abs)        0019A
_TXSTA                                         (abs)        0019E
_TXSTAbits                                     (abs)        0019E
_WDTCON                                        (abs)        00097
_WDT_Initialize                                text2        004B7
_WPUA                                          (abs)        0020C
_WPUB                                          (abs)        0020D
__Habs1                                        abs1         00000
__Hbank0                                       bank0        00000
__Hbank1                                       bank1        00000
__Hbank10                                      bank10       00000
__Hbank11                                      bank11       00000
__Hbank12                                      bank12       00000
__Hbank13                                      bank13       00000
__Hbank14                                      bank14       00000
__Hbank15                                      bank15       00000
__Hbank16                                      bank16       00000
__Hbank17                                      bank17       00000
__Hbank18                                      bank18       00000
__Hbank19                                      bank19       00000
__Hbank2                                       bank2        00000
__Hbank20                                      bank20       00000
__Hbank21                                      bank21       00000
__Hbank22                                      bank22       00000
__Hbank23                                      bank23       00000
__Hbank24                                      bank24       00000
__Hbank25                                      bank25       00000
__Hbank26                                      bank26       00000
__Hbank27                                      bank27       00000
__Hbank28                                      bank28       00000
__Hbank29                                      bank29       00000
__Hbank3                                       bank3        00000
__Hbank30                                      bank30       00000
__Hbank31                                      bank31       00000
__Hbank4                                       bank4        00000
__Hbank5                                       bank5        00000
__Hbank6                                       bank6        00000
__Hbank7                                       bank7        00000
__Hbank8                                       bank8        00000
__Hbank9                                       bank9        00000
__Hbigram                                      bigram       00000
__HbssBANK0                                    bssBANK0     00000
__HbssCOMMON                                   bssCOMMON    00000
__Hcinit                                       cinit        00800
__Hclrtext                                     clrtext      00000
__Hcode                                        code         00000
__Hcommon                                      common       00000
__Hconfig                                      config       08009
__HcstackCOMMON                                cstackCOMMON 00000
__Heeprom_data                                 eeprom_data  00000
__Hend_init                                    end_init     00004
__Hfunctab                                     functab      00000
__Hheap                                        heap         00000
__Hidloc                                       idloc        08004
__Hinit                                        init         00002
__Hintentry                                    intentry     00002
__Hmaintext                                    maintext     00000
__HnvBANK0                                     nvBANK0      00000
__Hpowerup                                     powerup      00000
__Hram                                         ram          00000
__Hreset_vec                                   reset_vec    00002
__Hsfr0                                        sfr0         00000
__Hsfr1                                        sfr1         00000
__Hsfr10                                       sfr10        00000
__Hsfr11                                       sfr11        00000
__Hsfr12                                       sfr12        00000
__Hsfr13                                       sfr13        00000
__Hsfr14                                       sfr14        00000
__Hsfr15                                       sfr15        00000
__Hsfr16                                       sfr16        00000
__Hsfr17                                       sfr17        00000
__Hsfr18                                       sfr18        00000
__Hsfr19                                       sfr19        00000
__Hsfr2                                        sfr2         00000
__Hsfr20                                       sfr20        00000
__Hsfr21                                       sfr21        00000
__Hsfr22                                       sfr22        00000
__Hsfr23                                       sfr23        00000
__Hsfr24                                       sfr24        00000
__Hsfr25                                       sfr25        00000
__Hsfr26                                       sfr26        00000
__Hsfr27                                       sfr27        00000
__Hsfr28                                       sfr28        00000
__Hsfr29                                       sfr29        00000
__Hsfr3                                        sfr3         00000
__Hsfr30                                       sfr30        00000
__Hsfr31                                       sfr31        00000
__Hsfr4                                        sfr4         00000
__Hsfr5                                        sfr5         00000
__Hsfr6                                        sfr6         00000
__Hsfr7                                        sfr7         00000
__Hsfr8                                        sfr8         00000
__Hsfr9                                        sfr9         00000
__Hspace_0                                     (abs)        00800
__Hspace_1                                     (abs)        0007E
__Hspace_2                                     (abs)        00000
__Hspace_3                                     (abs)        00000
__Hspace_4                                     (abs)        10010
__Hstack                                       stack        00000
__Hstrings                                     strings      00000
__Htext                                        text         00000
__Labs1                                        abs1         00000
__Lbank0                                       bank0        00000
__Lbank1                                       bank1        00000
__Lbank10                                      bank10       00000
__Lbank11                                      bank11       00000
__Lbank12                                      bank12       00000
__Lbank13                                      bank13       00000
__Lbank14                                      bank14       00000
__Lbank15                                      bank15       00000
__Lbank16                                      bank16       00000
__Lbank17                                      bank17       00000
__Lbank18                                      bank18       00000
__Lbank19                                      bank19       00000
__Lbank2                                       bank2        00000
__Lbank20                                      bank20       00000
__Lbank21                                      bank21       00000
__Lbank22                                      bank22       00000
__Lbank23                                      bank23       00000
__Lbank24                                      bank24       00000
__Lbank25                                      bank25       00000
__Lbank26                                      bank26       00000
__Lbank27                                      bank27       00000
__Lbank28                                      bank28       00000
__Lbank29                                      bank29       00000
__Lbank3                                       bank3        00000
__Lbank30                                      bank30       00000
__Lbank31                                      bank31       00000
__Lbank4                                       bank4        00000
__Lbank5                                       bank5        00000
__Lbank6                                       bank6        00000
__Lbank7                                       bank7        00000
__Lbank8                                       bank8        00000
__Lbank9                                       bank9        00000
__Lbigram                                      bigram       00000
__LbssBANK0                                    bssBANK0     00000
__LbssCOMMON                                   bssCOMMON    00000
__Lcinit                                       cinit        007ED
__Lclrtext                                     clrtext      00000
__Lcode                                        code         00000
__Lcommon                                      common       00000
__Lconfig                                      config       00000
__LcstackCOMMON                                cstackCOMMON 00000
__Leeprom_data                                 eeprom_data  00000
__Lend_init                                    end_init     00002
__Lfunctab                                     functab      00000
__Lheap                                        heap         00000
__Lidloc                                       idloc        00000
__Linit                                        init         00002
__Lintentry                                    intentry     00002
__Lmaintext                                    maintext     00000
__LnvBANK0                                     nvBANK0      00000
__Lpowerup                                     powerup      00000
__Lram                                         ram          00000
__Lreset_vec                                   reset_vec    00000
__Lsfr0                                        sfr0         00000
__Lsfr1                                        sfr1         00000
__Lsfr10                                       sfr10        00000
__Lsfr11                                       sfr11        00000
__Lsfr12                                       sfr12        00000
__Lsfr13                                       sfr13        00000
__Lsfr14                                       sfr14        00000
__Lsfr15                                       sfr15        00000
__Lsfr16                                       sfr16        00000
__Lsfr17                                       sfr17        00000
__Lsfr18                                       sfr18        00000
__Lsfr19                                       sfr19        00000
__Lsfr2                                        sfr2         00000
__Lsfr20                                       sfr20        00000
__Lsfr21                                       sfr21        00000
__Lsfr22                                       sfr22        00000
__Lsfr23                                       sfr23        00000
__Lsfr24                                       sfr24        00000
__Lsfr25                                       sfr25        00000
__Lsfr26                                       sfr26        00000
__Lsfr27                                       sfr27        00000
__Lsfr28                                       sfr28        00000
__Lsfr29                                       sfr29        00000
__Lsfr3                                        sfr3         00000
__Lsfr30                                       sfr30        00000
__Lsfr31                                       sfr31        00000
__Lsfr4                                        sfr4         00000
__Lsfr5                                        sfr5         00000
__Lsfr6                                        sfr6         00000
__Lsfr7                                        sfr7         00000
__Lsfr8                                        sfr8         00000
__Lsfr9                                        sfr9         00000
__Lspace_0                                     (abs)        00000
__Lspace_1                                     (abs)        00000
__Lspace_2                                     (abs)        00000
__Lspace_3                                     (abs)        00000
__Lspace_4                                     (abs)        00000
__Lstack                                       stack        00000
__Lstrings                                     strings      00000
__Ltext                                        text         00000
__S0                                           (abs)        00800
__S1                                           (abs)        0007E
__S3                                           (abs)        00000
___heap_hi                                     (abs)        00000
___heap_lo                                     (abs)        00000
___int_sp                                      stack        00000
___latbits                                     (abs)        00001
___sp                                          stack        00000
___stackhi                                     (abs)        00000
___stacklo                                     (abs)        00000
__end_of_Bluetooth                             text15       007ED
__end_of_Dilui                                 text23       005C6
__end_of_Dithang                               text22       005DD
__end_of_Doline_Cong                           text14       00735
__end_of_Dunglai                               text21       0052A
__end_of_EUSART_Initialize                     text8        00638
__end_of_EUSART_Read                           text20       00515
__end_of_EUSART_SetErrorHandler                text11       004C6
__end_of_EUSART_SetFramingErrorHandler         text10       004CC
__end_of_EUSART_SetOverrunErrorHandler         text9        004D2
__end_of_EUSART_is_rx_ready                    text19       004C0
__end_of_Kep                                   text12       00506
__end_of_MotorLeft_set_direction               text27       005FA
__end_of_MotorRight_set_direction              text26       00617
__end_of_OSCILLATOR_Initialize                 text7        004DF
__end_of_PIN_MANAGER_Initialize                text6        0053F
__end_of_PWM3_Initialize                       text5        004F0
__end_of_PWM3_LoadDutyValue                    text25       00598
__end_of_PWM4_Initialize                       text4        004F9
__end_of_PWM4_LoadDutyValue                    text24       005AF
__end_of_Rephai                                text18       00555
__end_of_Retrai                                text17       0056B
__end_of_SYSTEM_Initialize                     text1        00581
__end_of_Servo_Motion_CCW                      text16       0065B
__end_of_Servo_Motion_CW                       text13       00681
__end_of_TMR2_Initialize                       text3        004E7
__end_of_WDT_Initialize                        text2        004BB
__end_of__initialization                       cinit        007FD
__end_of_main                                  maintext     006BF
__initialization                               cinit        007ED
__pbssBANK0                                    bssBANK0     00020
__pbssCOMMON                                   bssCOMMON    00070
__pcstackCOMMON                                cstackCOMMON 00078
__pmaintext                                    maintext     00681
__pnvBANK0                                     nvBANK0      00034
__ptext1                                       text1        0056B
__ptext10                                      text10       004C6
__ptext11                                      text11       004C0
__ptext12                                      text12       004F9
__ptext13                                      text13       0065B
__ptext14                                      text14       006BF
__ptext15                                      text15       00735
__ptext16                                      text16       00638
__ptext17                                      text17       00555
__ptext18                                      text18       0053F
__ptext19                                      text19       004BB
__ptext2                                       text2        004B7
__ptext20                                      text20       00506
__ptext21                                      text21       00515
__ptext22                                      text22       005C6
__ptext23                                      text23       005AF
__ptext24                                      text24       00598
__ptext25                                      text25       00581
__ptext26                                      text26       005FA
__ptext27                                      text27       005DD
__ptext3                                       text3        004DF
__ptext4                                       text4        004F0
__ptext5                                       text5        004E7
__ptext6                                       text6        0052A
__ptext7                                       text7        004D8
__ptext8                                       text8        00617
__ptext9                                       text9        004CC
_dem                                           bssCOMMON    00072
_eusartRxLastError                             bssCOMMON    00077
_main                                          maintext     00681
_speed                                         bssCOMMON    00074
btemp                                          (abs)        0007E
clear_ram0                                     clrtext      004D2
end_of_initialization                          cinit        007FD
intlevel0                                      functab      00000
intlevel1                                      functab      00000
intlevel2                                      functab      00000
intlevel3                                      functab      00000
intlevel4                                      functab      00000
intlevel5                                      functab      00000
reset_vec                                      reset_vec    00000
start                                          init         00002
start_initialization                           cinit        007ED
wtemp0                                         (abs)        0007E


MODULE INFORMATION

Module		Function		Class		Link	Load	Size
mcc_generated_files/pwm4.c
		_PWM4_Initialize		CODE           	04F0	0000	9
		_PWM4_LoadDutyValue		CODE           	0598	0000	23

mcc_generated_files/pwm4.c estimated size: 32

mcc_generated_files/tmr2.c
		_TMR2_Initialize		CODE           	04DF	0000	8

mcc_generated_files/tmr2.c estimated size: 8

mcc_generated_files/pin_manager.c
		_PIN_MANAGER_Initialize		CODE           	052A	0000	21

mcc_generated_files/pin_manager.c estimated size: 21

shared
		__initialization		CODE           	07ED	0000	16

shared estimated size: 16

mcc_generated_files/mcc.c
		_WDT_Initialize		CODE           	04B7	0000	4
		_OSCILLATOR_Initialize		CODE           	04D8	0000	7
		_SYSTEM_Initialize		CODE           	056B	0000	22

mcc_generated_files/mcc.c estimated size: 33

mcc_generated_files/pwm3.c
		_PWM3_Initialize		CODE           	04E7	0000	9
		_PWM3_LoadDutyValue		CODE           	0581	0000	23

mcc_generated_files/pwm3.c estimated size: 32

mcc_generated_files/eusart.c
		_EUSART_Read   		CODE           	0506	0000	15
		_EUSART_Initialize		CODE           	0617	0000	33
		_EUSART_SetFramingErrorHandler		CODE           	04C6	0000	6
		_EUSART_SetErrorHandler		CODE           	04C0	0000	6
		_EUSART_SetOverrunErrorHandler		CODE           	04CC	0000	6
		_EUSART_is_rx_ready		CODE           	04BB	0000	5

mcc_generated_files/eusart.c estimated size: 71

main.c
		_Dunglai       		CODE           	0515	0000	21
		_main          		CODE           	0681	0000	62
		_Bluetooth     		CODE           	0735	0000	184
		_Dithang       		CODE           	05C6	0000	23
		_Servo_Motion_CW		CODE           	065B	0000	38
		_Rephai        		CODE           	053F	0000	22
		_MotorLeft_set_direction		CODE           	05DD	0000	29
		_Retrai        		CODE           	0555	0000	22
		_Servo_Motion_CCW		CODE           	0638	0000	35
		_Dilui         		CODE           	05AF	0000	23
		_MotorRight_set_direction		CODE           	05FA	0000	29
		_Kep           		CODE           	04F9	0000	13
		_Doline_Cong   		CODE           	06BF	0000	118

main.c estimated size: 619

